[NbConvertApp] Converting notebook /home/javier/TFG_FASE_2/03_codigo/BCCC17/03_StandardScaler_mlp/BCCC17__split__v1__StandardScaler_RUS_SMOTE_ENN_sin_pca_mlp.ipynb to notebook
Traceback (most recent call last):
  File "/home/javier/.conda/envs/tfgClean/bin/jupyter-nbconvert", line 6, in <module>
    sys.exit(main())
             ^^^^^^
  File "/home/javier/.conda/envs/tfgClean/lib/python3.11/site-packages/jupyter_core/application.py", line 284, in launch_instance
    super().launch_instance(argv=argv, **kwargs)
  File "/home/javier/.conda/envs/tfgClean/lib/python3.11/site-packages/traitlets/config/application.py", line 1075, in launch_instance
    app.start()
  File "/home/javier/.conda/envs/tfgClean/lib/python3.11/site-packages/nbconvert/nbconvertapp.py", line 420, in start
    self.convert_notebooks()
  File "/home/javier/.conda/envs/tfgClean/lib/python3.11/site-packages/nbconvert/nbconvertapp.py", line 597, in convert_notebooks
    self.convert_single_notebook(notebook_filename)
  File "/home/javier/.conda/envs/tfgClean/lib/python3.11/site-packages/nbconvert/nbconvertapp.py", line 563, in convert_single_notebook
    output, resources = self.export_single_notebook(
                        ^^^^^^^^^^^^^^^^^^^^^^^^^^^^
  File "/home/javier/.conda/envs/tfgClean/lib/python3.11/site-packages/nbconvert/nbconvertapp.py", line 487, in export_single_notebook
    output, resources = self.exporter.from_filename(
                        ^^^^^^^^^^^^^^^^^^^^^^^^^^^^
  File "/home/javier/.conda/envs/tfgClean/lib/python3.11/site-packages/nbconvert/exporters/exporter.py", line 201, in from_filename
    return self.from_file(f, resources=resources, **kw)
           ^^^^^^^^^^^^^^^^^^^^^^^^^^^^^^^^^^^^^^^^^^^^
  File "/home/javier/.conda/envs/tfgClean/lib/python3.11/site-packages/nbconvert/exporters/exporter.py", line 220, in from_file
    return self.from_notebook_node(
           ^^^^^^^^^^^^^^^^^^^^^^^^
  File "/home/javier/.conda/envs/tfgClean/lib/python3.11/site-packages/nbconvert/exporters/notebook.py", line 36, in from_notebook_node
    nb_copy, resources = super().from_notebook_node(nb, resources, **kw)
                         ^^^^^^^^^^^^^^^^^^^^^^^^^^^^^^^^^^^^^^^^^^^^^^^
  File "/home/javier/.conda/envs/tfgClean/lib/python3.11/site-packages/nbconvert/exporters/exporter.py", line 154, in from_notebook_node
    nb_copy, resources = self._preprocess(nb_copy, resources)
                         ^^^^^^^^^^^^^^^^^^^^^^^^^^^^^^^^^^^^
  File "/home/javier/.conda/envs/tfgClean/lib/python3.11/site-packages/nbconvert/exporters/exporter.py", line 353, in _preprocess
    nbc, resc = preprocessor(nbc, resc)
                ^^^^^^^^^^^^^^^^^^^^^^^
  File "/home/javier/.conda/envs/tfgClean/lib/python3.11/site-packages/nbconvert/preprocessors/base.py", line 48, in __call__
    return self.preprocess(nb, resources)
           ^^^^^^^^^^^^^^^^^^^^^^^^^^^^^^
  File "/home/javier/.conda/envs/tfgClean/lib/python3.11/site-packages/nbconvert/preprocessors/execute.py", line 103, in preprocess
    self.preprocess_cell(cell, resources, index)
  File "/home/javier/.conda/envs/tfgClean/lib/python3.11/site-packages/nbconvert/preprocessors/execute.py", line 124, in preprocess_cell
    cell = self.execute_cell(cell, index, store_history=True)
           ^^^^^^^^^^^^^^^^^^^^^^^^^^^^^^^^^^^^^^^^^^^^^^^^^^
  File "/home/javier/.conda/envs/tfgClean/lib/python3.11/site-packages/jupyter_core/utils/__init__.py", line 165, in wrapped
    return loop.run_until_complete(inner)
           ^^^^^^^^^^^^^^^^^^^^^^^^^^^^^^
  File "/home/javier/.conda/envs/tfgClean/lib/python3.11/asyncio/base_events.py", line 654, in run_until_complete
    return future.result()
           ^^^^^^^^^^^^^^^
  File "/home/javier/.conda/envs/tfgClean/lib/python3.11/site-packages/nbclient/client.py", line 1062, in async_execute_cell
    await self._check_raise_for_error(cell, cell_index, exec_reply)
  File "/home/javier/.conda/envs/tfgClean/lib/python3.11/site-packages/nbclient/client.py", line 918, in _check_raise_for_error
    raise CellExecutionError.from_cell_and_msg(cell, exec_reply_content)
nbclient.exceptions.CellExecutionError: An error occurred while executing the following cell:
------------------
labels_globales = np.array(sorted(pd.unique(pd.concat([y_train, y_test]))))

resultados_folds = []
resultados_holdout = []

for target_n in N_VALUES:

    print("\n" + "#" * 100)
    print(f"N = {target_n} instancias por clase")
    print("#" * 100)

    # =====================================================================================
    # 1) CROSS-VALIDATION SOLO CON EL 80% DE TRAIN
    #    En cada fold:
    #    - A = 64% entrenamiento
    #    - B = 16% validación
    #    El hold-out C NO se toca aquí.
    # =====================================================================================
    for fold, (train_idx, val_idx) in enumerate(cv.split(X_train, y_train), start=1):

        print("=" * 80)
        print(f"N={target_n} | CV FOLD {fold}/{N_SPLITS}")
        print("=" * 80)

        # =========================
        # Split del fold: A y B
        # =========================
        df_train_fold = df_train.iloc[train_idx].copy()  # A
        df_val_fold = df_train.iloc[val_idx].copy()      # B

        # =========================
        # Rebalanceo SOLO sobre A
        # =========================
        df_train_fold_balanceado = rebalancear_train_fold(
            df_fold_train=df_train_fold,
            label_col=LABEL_COL,
            target_n=target_n,
            random_state=RANDOM_STATE + fold,
            nearmiss_version=NEARMISS_VERSION,
            smote_k_neighbors=SMOTE_K_NEIGHBORS,
            estrategia_rebalanceo=ESTRATEGIA_DE_REBALANCEO,
            enn_n_neighbors=ENN_N_NEIGHBORS
        )

        X_A = df_train_fold_balanceado.drop(columns=[LABEL_COL])
        y_A = df_train_fold_balanceado[LABEL_COL]

        X_B = df_val_fold.drop(columns=[LABEL_COL])
        y_B = df_val_fold[LABEL_COL]

        # =========================
        # Modelo nuevo para cada fold
        # Pipeline:
        # - fit scaler con A
        # - sin PCA: se entrena con todas las variables de A
        # - fit modelo con A
        # - evaluación solo en B
        # =========================
        pipeline_fold = crear_pipeline()

        t0 = time.time()
        pipeline_fold.fit(X_A, y_A)
        fit_time = time.time() - t0

        print("Clases en A:", sorted(pd.unique(y_A)))
        print("Clases en B:", sorted(pd.unique(y_B)))
        print("Clases del modelo:", pipeline_fold.named_steps[MODEL_STEP_NAME].classes_)
        print("Shape predict_proba B:", pipeline_fold.predict_proba(X_B).shape)

        # =========================
        # Validación sobre B
        # =========================
        t0 = time.time()
        y_pred_B = pipeline_fold.predict(X_B)
        score_time_B = time.time() - t0

        metricas_B = calcular_metricas_clasificacion(
            modelo=pipeline_fold,
            X_eval=X_B,
            y_eval=y_B,
            y_pred=y_pred_B,
            labels_globales=labels_globales,
            score_time=score_time_B
        )

        fila = {
            "numero_experimento": 1,
            "descripcion_experimento": DESCRIPCION_EXPERIMENTO,
            "scaler": SCALER_NAME,
            "rebalanceo": ESTRATEGIA_DE_REBALANCEO,
            "n": int(target_n),
            "fold": int(fold),

            "train_original_rows_A": int(df_train_fold.shape[0]),
            "train_balanceado_rows_A": int(df_train_fold_balanceado.shape[0]),
            "val_rows_B": int(df_val_fold.shape[0]),

            "B_fit_time": float(fit_time),
            "B_score_time": float(score_time_B),
        }

        for nombre, valor in metricas_B.items():
            fila[f"B_{nombre}"] = valor

        resultados_folds.append(fila)

        print(
            f"B -> acc={metricas_B['accuracy']:.6f}, f1_macro={metricas_B['f1_macro']:.6f}, "
            f"mcc={metricas_B['mcc']:.6f}, fpr_macro={metricas_B['fpr_macro']:.6f}, "
            f"fnr_macro={metricas_B['fnr_macro']:.6f}, auc={metricas_B['roc_auc']:.6f}, "
            f"latency={metricas_B['detection_latency_seconds']:.9f}s"
        )
        print()

    # =====================================================================================
    # 2) HOLD-OUT FINAL FUERA DEL CROSS-VALIDATION
    #    Una vez terminado el CV para este N:
    #    - se rebalancea TODO el 80% de entrenamiento
    #    - se entrena un modelo final con TODO ese 80%
    #    - se evalúa una única vez sobre el 20% de test C
    # =====================================================================================
    print("=" * 80)
    print(f"N={target_n} | MODELO FINAL SOBRE 80% TRAIN + HOLD-OUT 20% TEST")
    print("=" * 80)

    df_train_final_balanceado = rebalancear_train_fold(
        df_fold_train=df_train.copy(),
        label_col=LABEL_COL,
        target_n=target_n,
        random_state=RANDOM_STATE,
        nearmiss_version=NEARMISS_VERSION,
        smote_k_neighbors=SMOTE_K_NEIGHBORS,
        estrategia_rebalanceo=ESTRATEGIA_DE_REBALANCEO,
        enn_n_neighbors=ENN_N_NEIGHBORS
    )

    X_train_final = df_train_final_balanceado.drop(columns=[LABEL_COL])
    y_train_final = df_train_final_balanceado[LABEL_COL]

    X_C = X_test
    y_C = y_test

    pipeline_final = crear_pipeline()

    t0 = time.time()
    pipeline_final.fit(X_train_final, y_train_final)
    fit_time_final = time.time() - t0

    print("Clases en train final:", sorted(pd.unique(y_train_final)))
    print("Clases en C:", sorted(pd.unique(y_C)))
    print("Clases del modelo final:", pipeline_final.named_steps[MODEL_STEP_NAME].classes_)
    print("Shape predict_proba C:", pipeline_final.predict_proba(X_C).shape)

    t0 = time.time()
    y_pred_C = pipeline_final.predict(X_C)
    score_time_C = time.time() - t0

    metricas_C = calcular_metricas_clasificacion(
        modelo=pipeline_final,
        X_eval=X_C,
        y_eval=y_C,
        y_pred=y_pred_C,
        labels_globales=labels_globales,
        score_time=score_time_C
    )

    fila_holdout = {
        "numero_experimento": 1,
        "descripcion_experimento": DESCRIPCION_EXPERIMENTO,
        "scaler": SCALER_NAME,
        "rebalanceo": ESTRATEGIA_DE_REBALANCEO,
        "n": int(target_n),

        "train_original_rows_80": int(df_train.shape[0]),
        "train_balanceado_rows_80": int(df_train_final_balanceado.shape[0]),
        "test_rows_C": int(df_test.shape[0]),

        "C_fit_time": float(fit_time_final),
        "C_score_time": float(score_time_C),
    }

    for nombre, valor in metricas_C.items():
        fila_holdout[f"C_{nombre}"] = valor

    resultados_holdout.append(fila_holdout)

    print(
        f"C FINAL -> acc={metricas_C['accuracy']:.6f}, f1_macro={metricas_C['f1_macro']:.6f}, "
        f"mcc={metricas_C['mcc']:.6f}, fpr_macro={metricas_C['fpr_macro']:.6f}, "
        f"fnr_macro={metricas_C['fnr_macro']:.6f}, auc={metricas_C['roc_auc']:.6f}, "
        f"latency={metricas_C['detection_latency_seconds']:.9f}s"
    )
    print()

------------------

----- stdout -----

####################################################################################################
N = 10000 instancias por clase
####################################################################################################
----- stdout -----
================================================================================
N=10000 | CV FOLD 1/5
================================================================================
----- stdout -----
================================================================================
Estrategia de rebalanceo: RUS_SMOTE_ENN
Distribución antes del rebalanceo:
LABEL
0     288000
1     221531
2     103247
3      61266
4       6100
5       5353
6       4388
7       3807
8       3525
9       3278
10      1748
11       869
12        16
13         8
Name: count, dtype: int64

Distribución después del undersampling:
LABEL
0     10000
1     10000
2     10000
3     10000
4      6100
5      5353
6      4388
7      3807
8      3525
9      3278
10     1748
11      869
12       16
13        8
Name: count, dtype: int64
----- stdout -----
SMOTE aplicado con k_neighbors=5
Distribución después de SMOTE:
LABEL
0     10000
1     10000
2     10000
3     10000
4     10000
5     10000
6     10000
7     10000
8     10000
9     10000
10    10000
11    10000
12    10000
13    10000
Name: count, dtype: int64
----- stdout -----
Distribución después de ENN:
LABEL
0     10000
1      9171
2      9968
3      9388
4      9976
5      9446
6      9603
7      9952
8      9987
9      8882
10     8142
11     6964
12     9972
13     9975
Name: count, dtype: int64

Distribución final después del rebalanceo:
LABEL
0     10000
1      9171
2      9968
3      9388
4      9976
5      9446
6      9603
7      9952
8      9987
9      8882
10     8142
11     6964
12     9972
13     9975
Name: count, dtype: int64
Shape final: (131426, 64)
================================================================================
----- stdout -----
Clases en A: [0, 1, 2, 3, 4, 5, 6, 7, 8, 9, 10, 11, 12, 13]
Clases en B: [0, 1, 2, 3, 4, 5, 6, 7, 8, 9, 10, 11, 12, 13]
Clases del modelo: [ 0  1  2  3  4  5  6  7  8  9 10 11 12 13]
Shape predict_proba B: (175784, 14)
------------------

[31m---------------------------------------------------------------------------[39m
[31mTypeError[39m                                 Traceback (most recent call last)
[36mCell[39m[36m [39m[32mIn[11][39m[32m, line 77[39m
[32m     74[39m y_pred_B = pipeline_fold.predict(X_B)
[32m     75[39m score_time_B = time.time() - t0
[32m---> [39m[32m77[39m metricas_B = [43mcalcular_metricas_clasificacion[49m[43m([49m
[32m     78[39m [43m    [49m[43mmodelo[49m[43m=[49m[43mpipeline_fold[49m[43m,[49m
[32m     79[39m [43m    [49m[43mX_eval[49m[43m=[49m[43mX_B[49m[43m,[49m
[32m     80[39m [43m    [49m[43my_eval[49m[43m=[49m[43my_B[49m[43m,[49m
[32m     81[39m [43m    [49m[43my_pred[49m[43m=[49m[43my_pred_B[49m[43m,[49m
[32m     82[39m [43m    [49m[43mlabels_globales[49m[43m=[49m[43mlabels_globales[49m[43m,[49m
[32m     83[39m [43m    [49m[43mscore_time[49m[43m=[49m[43mscore_time_B[49m
[32m     84[39m [43m[49m[43m)[49m
[32m     86[39m fila = {
[32m     87[39m     [33m"[39m[33mnumero_experimento[39m[33m"[39m: [32m1[39m,
[32m     88[39m     [33m"[39m[33mdescripcion_experimento[39m[33m"[39m: DESCRIPCION_EXPERIMENTO,
[32m   (...)[39m[32m     99[39m     [33m"[39m[33mB_score_time[39m[33m"[39m: [38;5;28mfloat[39m(score_time_B),
[32m    100[39m }
[32m    102[39m [38;5;28;01mfor[39;00m nombre, valor [38;5;129;01min[39;00m metricas_B.items():

[36mCell[39m[36m [39m[32mIn[9][39m[32m, line 94[39m, in [36mcalcular_metricas_clasificacion[39m[34m(modelo, X_eval, y_eval, y_pred, labels_globales, score_time)[39m
[32m     74[39m [38;5;28;01mdef[39;00m[38;5;250m [39m[34mcalcular_metricas_clasificacion[39m(modelo, X_eval, y_eval, y_pred, labels_globales, score_time):
[32m     75[39m     metricas_fpr_fnr = calcular_fpr_fnr_multiclase(
[32m     76[39m         y_true=y_eval,
[32m     77[39m         y_pred=y_pred,
[32m     78[39m         labels_globales=labels_globales
[32m     79[39m     )
[32m     81[39m     metricas = {
[32m     82[39m         [33m"[39m[33maccuracy[39m[33m"[39m: accuracy_score(y_eval, y_pred),
[32m     83[39m 
[32m     84[39m         [33m"[39m[33mprecision_weighted[39m[33m"[39m: precision_score(y_eval, y_pred, average=[33m"[39m[33mweighted[39m[33m"[39m, zero_division=[32m0[39m),
[32m     85[39m         [33m"[39m[33mrecall_weighted[39m[33m"[39m: recall_score(y_eval, y_pred, average=[33m"[39m[33mweighted[39m[33m"[39m, zero_division=[32m0[39m),
[32m     86[39m         [33m"[39m[33mf1_weighted[39m[33m"[39m: f1_score(y_eval, y_pred, average=[33m"[39m[33mweighted[39m[33m"[39m, zero_division=[32m0[39m),
[32m     87[39m 
[32m     88[39m         [33m"[39m[33mprecision_macro[39m[33m"[39m: precision_score(y_eval, y_pred, average=[33m"[39m[33mmacro[39m[33m"[39m, zero_division=[32m0[39m),
[32m     89[39m         [33m"[39m[33mrecall_macro[39m[33m"[39m: recall_score(y_eval, y_pred, average=[33m"[39m[33mmacro[39m[33m"[39m, zero_division=[32m0[39m),
[32m     90[39m         [33m"[39m[33mf1_macro[39m[33m"[39m: f1_score(y_eval, y_pred, average=[33m"[39m[33mmacro[39m[33m"[39m, zero_division=[32m0[39m),
[32m     91[39m 
[32m     92[39m         [33m"[39m[33mmcc[39m[33m"[39m: matthews_corrcoef(y_eval, y_pred),
[32m     93[39m 
[32m---> [39m[32m94[39m         [33m"[39m[33mroc_auc[39m[33m"[39m: [43mcalcular_roc_auc_multiclase_seguro[49m[43m([49m
[32m     95[39m [43m            [49m[43mmodelo[49m[43m=[49m[43mmodelo[49m[43m,[49m
[32m     96[39m [43m            [49m[43mX_val[49m[43m=[49m[43mX_eval[49m[43m,[49m
[32m     97[39m [43m            [49m[43my_val[49m[43m=[49m[43my_eval[49m[43m,[49m
[32m     98[39m [43m            [49m[43mlabels_globales[49m[43m=[49m[43mlabels_globales[49m[43m,[49m
[32m     99[39m [43m            [49m[43mverbose[49m[43m=[49m[38;5;28;43;01mTrue[39;49;00m
[32m    100[39m [43m        [49m[43m)[49m,
[32m    101[39m 
[32m    102[39m         [33m"[39m[33mdetection_latency_seconds[39m[33m"[39m: [38;5;28mfloat[39m(score_time / [38;5;28mlen[39m(y_eval)) [38;5;28;01mif[39;00m [38;5;28mlen[39m(y_eval) > [32m0[39m [38;5;28;01melse[39;00m [32m0.0[39m,
[32m    103[39m     }
[32m    105[39m     metricas.update(metricas_fpr_fnr)
[32m    106[39m     [38;5;28;01mreturn[39;00m metricas

[31mTypeError[39m: calcular_roc_auc_multiclase_seguro() got an unexpected keyword argument 'verbose'

